---
source: crates/sv2-syntax/tests/parser.rs
assertion_line: 78
expression: render(&parsed.syntax())
---
RootNamespace
  PackageMember
    MemberPrefix
    Package
      PackageDeclaration
        KwPackage "package"
        Whitespace " "
        Identification
          BasicName "Vehicle"
      PackageBody
        Semicolon ";"
