---
source: crates/sv2-syntax/tests/parser.rs
assertion_line: 49
expression: render(&parsed.syntax())
---
RootNamespace
  Package
    PackageDeclaration
      KwPackage "package"
      Whitespace " "
      Identification
        BasicName "Outer"
    Whitespace " "
    PackageBody
      LBrace "{"
      Whitespace " "
      Package
        PackageDeclaration
          KwPackage "package"
          Whitespace " "
          Identification
            BasicName "Inner"
        PackageBody
          Semicolon ";"
      Whitespace " "
      RBrace "}"
